// Jest Snapshot v1, https://goo.gl/fbAQLP

exports[`<kalendar> renders 1`] = `
<kalendar>
  hola
</kalendar>
`;
