// Jest Snapshot v1, https://goo.gl/fbAQLP

exports[`<StepsIrrigation> renders the correct text 1`] = `
<View
  style={Object {}}
/>
`;
